maude tool: 'maude'
 checking version: 3.5.1. OK.
 checking installation: OK.
[Theory UAV_RemoteID_Core_Modified_Lemmas_v2] Theory loaded
[Theory UAV_RemoteID_Core_Modified_Lemmas_v2] Theory translated
[Theory UAV_RemoteID_Core_Modified_Lemmas_v2] Derivation checks started
[Open Chains] Too many chain constraints, stopping precomputation. Open Chains limits (can be changed with -c=): 10
[Open Chains] Too many chain constraints, stopping precomputation. Open Chains limits (can be changed with -c=): 10
[Theory UAV_RemoteID_Core_Modified_Lemmas_v2] Derivation checks ended
[Theory UAV_RemoteID_Core_Modified_Lemmas_v2] Theory closed
[Saturating Sources] Step 1 (Max 5)
[Open Chains] Too many chain constraints, stopping precomputation. Open Chains limits (can be changed with -c=): 10
[Saturating Sources] Step 2 (Max 5)
[Saturating Sources] Done
theory UAV_RemoteID_Core_Modified_Lemmas_v2

begin

// Function signature and definition of the equational theory E

functions: adec/2, aenc/2, fst/1, h/1, pair/2, pk/1, sdec/2, senc/2,
           sign/2, snd/1, true/0, verify/3
equations:
    adec(aenc(x.1, pk(x.2)), x.2) = x.1,
    fst(<x.1, x.2>) = x.1,
    sdec(senc(x.1, x.2), x.2) = x.1,
    snd(<x.1, x.2>) = x.2,
    verify(sign(x.1, x.2), x.1, pk(x.2)) = true

rule (modulo E) Setup:
   [ Fr( ~skTA ), Fr( ~skV ), Fr( ~master ), Fr( ~ctxD ), Fr( ~seed ) ]
  --[
  SetupDone( $D, $V,
             h(<
                <'ROOT-AUTH-v1', pk(h(<'PUF-SIGN', ~master, ~ctxD>)), 
                 h(<'NODE', h(<'LEAF', h(<'RID', ~seed, '0'>), '0'>), 
                    h(<'LEAF', h(<'RID', ~seed, '1'>), '1'>)>), 
                 'scope-authorized', 'v0'>, 
                sign(<'ROOT-AUTH-v1', pk(h(<'PUF-SIGN', ~master, ~ctxD>)), 
                      h(<'NODE', h(<'LEAF', h(<'RID', ~seed, '0'>), '0'>), 
                         h(<'LEAF', h(<'RID', ~seed, '1'>), '1'>)>), 
                      'scope-authorized', 'v0'>,
                     ~skTA)
               >),
             h(<'NODE', h(<'LEAF', h(<'RID', ~seed, '0'>), '0'>), 
                h(<'LEAF', h(<'RID', ~seed, '1'>), '1'>)>)
  ),
  LeafAuthorized( $D,
                  h(<
                     <'ROOT-AUTH-v1', pk(h(<'PUF-SIGN', ~master, ~ctxD>)), 
                      h(<'NODE', h(<'LEAF', h(<'RID', ~seed, '0'>), '0'>), 
                         h(<'LEAF', h(<'RID', ~seed, '1'>), '1'>)>), 
                      'scope-authorized', 'v0'>, 
                     sign(<'ROOT-AUTH-v1', pk(h(<'PUF-SIGN', ~master, ~ctxD>)), 
                           h(<'NODE', h(<'LEAF', h(<'RID', ~seed, '0'>), '0'>), 
                              h(<'LEAF', h(<'RID', ~seed, '1'>), '1'>)>), 
                           'scope-authorized', 'v0'>,
                          ~skTA)
                    >),
                  h(<'NODE', h(<'LEAF', h(<'RID', ~seed, '0'>), '0'>), 
                     h(<'LEAF', h(<'RID', ~seed, '1'>), '1'>)>),
                  h(<'RID', ~seed, '0'>), '0'
  ),
  LeafAuthorized( $D,
                  h(<
                     <'ROOT-AUTH-v1', pk(h(<'PUF-SIGN', ~master, ~ctxD>)), 
                      h(<'NODE', h(<'LEAF', h(<'RID', ~seed, '0'>), '0'>), 
                         h(<'LEAF', h(<'RID', ~seed, '1'>), '1'>)>), 
                      'scope-authorized', 'v0'>, 
                     sign(<'ROOT-AUTH-v1', pk(h(<'PUF-SIGN', ~master, ~ctxD>)), 
                           h(<'NODE', h(<'LEAF', h(<'RID', ~seed, '0'>), '0'>), 
                              h(<'LEAF', h(<'RID', ~seed, '1'>), '1'>)>), 
                           'scope-authorized', 'v0'>,
                          ~skTA)
                    >),
                  h(<'NODE', h(<'LEAF', h(<'RID', ~seed, '0'>), '0'>), 
                     h(<'LEAF', h(<'RID', ~seed, '1'>), '1'>)>),
                  h(<'RID', ~seed, '1'>), '1'
  )
  ]->
   [
   !TAPub( pk(~skTA) ), !VerifierKey( $V, ~skV ),
   !VerifierCert( $V, pk(~skV), 'scope-authorized',
                  h(<<'VERIFIER-CERT-v1', $V, pk(~skV), 'scope-authorized'>, 
                     sign(<'VERIFIER-CERT-v1', $V, pk(~skV), 'scope-authorized'>, ~skTA)>),
                  <'VERIFIER-CERT-v1', $V, pk(~skV), 'scope-authorized'>,
                  sign(<'VERIFIER-CERT-v1', $V, pk(~skV), 'scope-authorized'>, ~skTA)
   ),
   !UAVKey( $D, h(<'PUF-SIGN', ~master, ~ctxD>),
            pk(h(<'PUF-SIGN', ~master, ~ctxD>)),
            h(pk(h(<'PUF-SIGN', ~master, ~ctxD>)))
   ),
   !RootAuthorization( $D,
                       h(<
                          <'ROOT-AUTH-v1', pk(h(<'PUF-SIGN', ~master, ~ctxD>)), 
                           h(<'NODE', h(<'LEAF', h(<'RID', ~seed, '0'>), '0'>), 
                              h(<'LEAF', h(<'RID', ~seed, '1'>), '1'>)>), 
                           'scope-authorized', 'v0'>, 
                          sign(<'ROOT-AUTH-v1', pk(h(<'PUF-SIGN', ~master, ~ctxD>)), 
                                h(<'NODE', h(<'LEAF', h(<'RID', ~seed, '0'>), '0'>), 
                                   h(<'LEAF', h(<'RID', ~seed, '1'>), '1'>)>), 
                                'scope-authorized', 'v0'>,
                               ~skTA)
                         >),
                       h(<'NODE', h(<'LEAF', h(<'RID', ~seed, '0'>), '0'>), 
                          h(<'LEAF', h(<'RID', ~seed, '1'>), '1'>)>),
                       pk(h(<'PUF-SIGN', ~master, ~ctxD>)), 'scope-authorized', 'v0',
                       <'ROOT-AUTH-v1', pk(h(<'PUF-SIGN', ~master, ~ctxD>)), 
                        h(<'NODE', h(<'LEAF', h(<'RID', ~seed, '0'>), '0'>), 
                           h(<'LEAF', h(<'RID', ~seed, '1'>), '1'>)>), 
                        'scope-authorized', 'v0'>,
                       sign(<'ROOT-AUTH-v1', pk(h(<'PUF-SIGN', ~master, ~ctxD>)), 
                             h(<'NODE', h(<'LEAF', h(<'RID', ~seed, '0'>), '0'>), 
                                h(<'LEAF', h(<'RID', ~seed, '1'>), '1'>)>), 
                             'scope-authorized', 'v0'>,
                            ~skTA)
   ),
   !VerifierDB( $V, $D,
                h(<
                   <'ROOT-AUTH-v1', pk(h(<'PUF-SIGN', ~master, ~ctxD>)), 
                    h(<'NODE', h(<'LEAF', h(<'RID', ~seed, '0'>), '0'>), 
                       h(<'LEAF', h(<'RID', ~seed, '1'>), '1'>)>), 
                    'scope-authorized', 'v0'>, 
                   sign(<'ROOT-AUTH-v1', pk(h(<'PUF-SIGN', ~master, ~ctxD>)), 
                         h(<'NODE', h(<'LEAF', h(<'RID', ~seed, '0'>), '0'>), 
                            h(<'LEAF', h(<'RID', ~seed, '1'>), '1'>)>), 
                         'scope-authorized', 'v0'>,
                        ~skTA)
                  >),
                h(<'NODE', h(<'LEAF', h(<'RID', ~seed, '0'>), '0'>), 
                   h(<'LEAF', h(<'RID', ~seed, '1'>), '1'>)>),
                pk(h(<'PUF-SIGN', ~master, ~ctxD>)), 'scope-authorized', 'v0',
                <'ROOT-AUTH-v1', pk(h(<'PUF-SIGN', ~master, ~ctxD>)), 
                 h(<'NODE', h(<'LEAF', h(<'RID', ~seed, '0'>), '0'>), 
                    h(<'LEAF', h(<'RID', ~seed, '1'>), '1'>)>), 
                 'scope-authorized', 'v0'>,
                sign(<'ROOT-AUTH-v1', pk(h(<'PUF-SIGN', ~master, ~ctxD>)), 
                      h(<'NODE', h(<'LEAF', h(<'RID', ~seed, '0'>), '0'>), 
                         h(<'LEAF', h(<'RID', ~seed, '1'>), '1'>)>), 
                      'scope-authorized', 'v0'>,
                     ~skTA)
   ),
   !LeafPath( $D,
              h(<
                 <'ROOT-AUTH-v1', pk(h(<'PUF-SIGN', ~master, ~ctxD>)), 
                  h(<'NODE', h(<'LEAF', h(<'RID', ~seed, '0'>), '0'>), 
                     h(<'LEAF', h(<'RID', ~seed, '1'>), '1'>)>), 
                  'scope-authorized', 'v0'>, 
                 sign(<'ROOT-AUTH-v1', pk(h(<'PUF-SIGN', ~master, ~ctxD>)), 
                       h(<'NODE', h(<'LEAF', h(<'RID', ~seed, '0'>), '0'>), 
                          h(<'LEAF', h(<'RID', ~seed, '1'>), '1'>)>), 
                       'scope-authorized', 'v0'>,
                      ~skTA)
                >),
              h(<'NODE', h(<'LEAF', h(<'RID', ~seed, '0'>), '0'>), 
                 h(<'LEAF', h(<'RID', ~seed, '1'>), '1'>)>),
              h(<'RID', ~seed, '0'>), '0', h(<'LEAF', h(<'RID', ~seed, '1'>), '1'>),
              'P0'
   ),
   !LeafPath( $D,
              h(<
                 <'ROOT-AUTH-v1', pk(h(<'PUF-SIGN', ~master, ~ctxD>)), 
                  h(<'NODE', h(<'LEAF', h(<'RID', ~seed, '0'>), '0'>), 
                     h(<'LEAF', h(<'RID', ~seed, '1'>), '1'>)>), 
                  'scope-authorized', 'v0'>, 
                 sign(<'ROOT-AUTH-v1', pk(h(<'PUF-SIGN', ~master, ~ctxD>)), 
                       h(<'NODE', h(<'LEAF', h(<'RID', ~seed, '0'>), '0'>), 
                          h(<'LEAF', h(<'RID', ~seed, '1'>), '1'>)>), 
                       'scope-authorized', 'v0'>,
                      ~skTA)
                >),
              h(<'NODE', h(<'LEAF', h(<'RID', ~seed, '0'>), '0'>), 
                 h(<'LEAF', h(<'RID', ~seed, '1'>), '1'>)>),
              h(<'RID', ~seed, '1'>), '1', h(<'LEAF', h(<'RID', ~seed, '0'>), '0'>),
              'P1'
   ),
   !Slot( $D,
          h(<
             <'ROOT-AUTH-v1', pk(h(<'PUF-SIGN', ~master, ~ctxD>)), 
              h(<'NODE', h(<'LEAF', h(<'RID', ~seed, '0'>), '0'>), 
                 h(<'LEAF', h(<'RID', ~seed, '1'>), '1'>)>), 
              'scope-authorized', 'v0'>, 
             sign(<'ROOT-AUTH-v1', pk(h(<'PUF-SIGN', ~master, ~ctxD>)), 
                   h(<'NODE', h(<'LEAF', h(<'RID', ~seed, '0'>), '0'>), 
                      h(<'LEAF', h(<'RID', ~seed, '1'>), '1'>)>), 
                   'scope-authorized', 'v0'>,
                  ~skTA)
            >),
          h(<'RID', ~seed, '0'>), '0', 'ts0'
   ),
   !Slot( $D,
          h(<
             <'ROOT-AUTH-v1', pk(h(<'PUF-SIGN', ~master, ~ctxD>)), 
              h(<'NODE', h(<'LEAF', h(<'RID', ~seed, '0'>), '0'>), 
                 h(<'LEAF', h(<'RID', ~seed, '1'>), '1'>)>), 
              'scope-authorized', 'v0'>, 
             sign(<'ROOT-AUTH-v1', pk(h(<'PUF-SIGN', ~master, ~ctxD>)), 
                   h(<'NODE', h(<'LEAF', h(<'RID', ~seed, '0'>), '0'>), 
                      h(<'LEAF', h(<'RID', ~seed, '1'>), '1'>)>), 
                   'scope-authorized', 'v0'>,
                  ~skTA)
            >),
          h(<'RID', ~seed, '1'>), '1', 'ts1'
   ),
   !FlashImage( $D,
                h(<
                   <'ROOT-AUTH-v1', pk(h(<'PUF-SIGN', ~master, ~ctxD>)), 
                    h(<'NODE', h(<'LEAF', h(<'RID', ~seed, '0'>), '0'>), 
                       h(<'LEAF', h(<'RID', ~seed, '1'>), '1'>)>), 
                    'scope-authorized', 'v0'>, 
                   sign(<'ROOT-AUTH-v1', pk(h(<'PUF-SIGN', ~master, ~ctxD>)), 
                         h(<'NODE', h(<'LEAF', h(<'RID', ~seed, '0'>), '0'>), 
                            h(<'LEAF', h(<'RID', ~seed, '1'>), '1'>)>), 
                         'scope-authorized', 'v0'>,
                        ~skTA)
                  >),
                h(<'NODE', h(<'LEAF', h(<'RID', ~seed, '0'>), '0'>), 
                   h(<'LEAF', h(<'RID', ~seed, '1'>), '1'>)>),
                pk(h(<'PUF-SIGN', ~master, ~ctxD>)), 'scope-authorized', 'v0',
                <'ROOT-AUTH-v1', pk(h(<'PUF-SIGN', ~master, ~ctxD>)), 
                 h(<'NODE', h(<'LEAF', h(<'RID', ~seed, '0'>), '0'>), 
                    h(<'LEAF', h(<'RID', ~seed, '1'>), '1'>)>), 
                 'scope-authorized', 'v0'>,
                sign(<'ROOT-AUTH-v1', pk(h(<'PUF-SIGN', ~master, ~ctxD>)), 
                      h(<'NODE', h(<'LEAF', h(<'RID', ~seed, '0'>), '0'>), 
                         h(<'LEAF', h(<'RID', ~seed, '1'>), '1'>)>), 
                      'scope-authorized', 'v0'>,
                     ~skTA)
   ),
   Out( pk(~skTA) ),
   Out( <<'VERIFIER-CERT-v1', $V, pk(~skV), 'scope-authorized'>, 
         sign(<'VERIFIER-CERT-v1', $V, pk(~skV), 'scope-authorized'>, ~skTA)>
   )
   ]

  /* has exactly the trivial AC variant */

rule (modulo E) Broadcast:
   [ !Slot( $D, rootID, pid, idx, tsV ) ]
  --[ Broadcasted( $D, rootID, pid, idx, tsV ) ]->
   [ Out( pid ) ]

  /* has exactly the trivial AC variant */

rule (modulo E) Verifier_Request:
   [
   !VerifierKey( $V, ~skV ),
   !VerifierCert( $V, pkV, scope, certID, certBody, certSig ),
   !Slot( $D, rootID, authRef, idx, tsV ), In( authRef ), Fr( ~dkV ),
   Fr( ~nv )
   ]
  --[
  RequestSent( $V, $D, rootID, authRef, idx, ~nv,
               h(<'ReqID-v1', 'RID-VERIFIER-REQUEST-v1', <certBody, certSig>, pk(~dkV), 
                  authRef, ~nv, tsV, scope, 'v0'>),
               tsV, scope, 'v0'
  )
  ]->
   [
   ReplayToken( $D, certID, authRef,
                h(<'ReqID-v1', 'RID-VERIFIER-REQUEST-v1', <certBody, certSig>, pk(~dkV), 
                   authRef, ~nv, tsV, scope, 'v0'>)
   ),
   OutstandingRequest( $V, $D, rootID, authRef, idx, ~nv,
                       h(<'ReqID-v1', 'RID-VERIFIER-REQUEST-v1', <certBody, certSig>, pk(~dkV), 
                          authRef, ~nv, tsV, scope, 'v0'>),
                       <'RID-VERIFIER-REQUEST-v1', <certBody, certSig>, pk(~dkV), authRef, ~nv, 
                        tsV, scope, 'v0'>,
                       ~dkV, tsV, scope, 'v0'
   ),
   Out( <
         <'RID-VERIFIER-REQUEST-v1', <certBody, certSig>, pk(~dkV), authRef, ~nv, 
          tsV, scope, 'v0'>, 
         sign(<'RID-VERIFIER-REQUEST-v1', <certBody, certSig>, pk(~dkV), authRef, 
               ~nv, tsV, scope, 'v0'>,
              ~skV)
        >
   )
   ]

  /* has exactly the trivial AC variant */

rule (modulo E) UAV_Response:
   [
   ReplayToken( $D, certID, authRef,
                h(<'ReqID-v1', 'RID-VERIFIER-REQUEST-v1', <certBody, certSig>, ekV, 
                   authRef, nv, tsV, scope, 'v0'>)
   ),
   !TAPub( pkTA ),
   !VerifierCert( $V, pkV, scope, certID, certBody, certSig ),
   !UAVKey( $D, skD, pkD, keyID ),
   !RootAuthorization( $D, rootID, root, pkD, scope, 'v0', authBody, authSig
   ),
   !LeafPath( $D, rootID, root, pid, idx, sibling, pos ),
   In( <
        <'RID-VERIFIER-REQUEST-v1', <certBody, certSig>, ekV, authRef, nv, tsV, 
         scope, 'v0'>, 
        sigV>
   ),
   Fr( ~ss ), Fr( ~tsD )
   ]
  --[
  Eq( verify(certSig, certBody, pkTA), true ),
  Eq( verify(sigV,
             <'RID-VERIFIER-REQUEST-v1', <certBody, certSig>, ekV, authRef, nv, tsV, 
              scope, 'v0'>,
             pkV),
      true
  ),
  Eq( authRef, pid ),
  RequestAuthenticated( $V, $D, rootID, authRef, pid, idx, nv,
                        h(<'ReqID-v1', 'RID-VERIFIER-REQUEST-v1', <certBody, certSig>, ekV, 
                           authRef, nv, tsV, scope, 'v0'>),
                        tsV, scope, 'v0'
  ),
  ReplayConsumed( $D, certID, authRef,
                  h(<'ReqID-v1', 'RID-VERIFIER-REQUEST-v1', <certBody, certSig>, ekV, 
                     authRef, nv, tsV, scope, 'v0'>)
  ),
  UAVRunning( $D, $V, rootID, root, authRef, pid, idx, nv,
              h(<'ReqID-v1', 'RID-VERIFIER-REQUEST-v1', <certBody, certSig>, ekV, 
                 authRef, nv, tsV, scope, 'v0'>),
              tsV, ~tsD, aenc(~ss, ekV),
              h(<'RID-UAV-RESPONSE-v1', 
                 h(<'ReqID-v1', 'RID-VERIFIER-REQUEST-v1', <certBody, certSig>, ekV, 
                    authRef, nv, tsV, scope, 'v0'>), 
                 authRef, pid, idx, rootID, nv, tsV, ~tsD, aenc(~ss, ekV)>),
              scope, 'v0'
  ),
  SessionKeyClaim( $V, $D,
                   h(<'ReqID-v1', 'RID-VERIFIER-REQUEST-v1', <certBody, certSig>, ekV, 
                      authRef, nv, tsV, scope, 'v0'>),
                   h(<'RID-Auth-v1', ~ss, 
                      h(<'ReqID-v1', 'RID-VERIFIER-REQUEST-v1', <certBody, certSig>, ekV, 
                         authRef, nv, tsV, scope, 'v0'>), 
                      h(<'RID-VERIFIER-REQUEST-v1', <certBody, certSig>, ekV, authRef, nv, 
                         tsV, scope, 'v0'>)
                     >)
  )
  ]->
   [
   Out( <
         h(<'ReqID-v1', 'RID-VERIFIER-REQUEST-v1', <certBody, certSig>, ekV, 
            authRef, nv, tsV, scope, 'v0'>), 
         aenc(~ss, ekV), 
         senc(<authRef, pid, idx, sibling, pos, rootID, ~tsD, 
               sign(h(<'RID-UAV-RESPONSE-v1', 
                       h(<'ReqID-v1', 'RID-VERIFIER-REQUEST-v1', <certBody, certSig>, ekV, 
                          authRef, nv, tsV, scope, 'v0'>), 
                       authRef, pid, idx, rootID, nv, tsV, ~tsD, aenc(~ss, ekV)>),
                    skD)
              >,
              h(<'RID-Auth-v1', ~ss, 
                 h(<'ReqID-v1', 'RID-VERIFIER-REQUEST-v1', <certBody, certSig>, ekV, 
                    authRef, nv, tsV, scope, 'v0'>), 
                 h(<'RID-VERIFIER-REQUEST-v1', <certBody, certSig>, ekV, authRef, nv, 
                    tsV, scope, 'v0'>)
                >))
        >
   )
   ]

  /*
  rule (modulo AC) UAV_Response:
     [
     ReplayToken( $D, certID, authRef,
                  h(<'ReqID-v1', 'RID-VERIFIER-REQUEST-v1', <certBody, certSig>, ekV, 
                     authRef, nv, tsV, scope, 'v0'>)
     ),
     !TAPub( pkTA ),
     !VerifierCert( $V, pkV, scope, certID, certBody, certSig ),
     !UAVKey( $D, skD, pkD, keyID ),
     !RootAuthorization( $D, rootID, root, pkD, scope, 'v0', authBody, authSig
     ),
     !LeafPath( $D, rootID, root, pid, idx, sibling, pos ),
     In( <
          <'RID-VERIFIER-REQUEST-v1', <certBody, certSig>, ekV, authRef, nv, tsV, 
           scope, 'v0'>, 
          sigV>
     ),
     Fr( ~ss ), Fr( ~tsD )
     ]
    --[
    Eq( z, true ), Eq( z.1, true ), Eq( authRef, pid ),
    RequestAuthenticated( $V, $D, rootID, authRef, pid, idx, nv,
                          h(<'ReqID-v1', 'RID-VERIFIER-REQUEST-v1', <certBody, certSig>, ekV, 
                             authRef, nv, tsV, scope, 'v0'>),
                          tsV, scope, 'v0'
    ),
    ReplayConsumed( $D, certID, authRef,
                    h(<'ReqID-v1', 'RID-VERIFIER-REQUEST-v1', <certBody, certSig>, ekV, 
                       authRef, nv, tsV, scope, 'v0'>)
    ),
    UAVRunning( $D, $V, rootID, root, authRef, pid, idx, nv,
                h(<'ReqID-v1', 'RID-VERIFIER-REQUEST-v1', <certBody, certSig>, ekV, 
                   authRef, nv, tsV, scope, 'v0'>),
                tsV, ~tsD, aenc(~ss, ekV),
                h(<'RID-UAV-RESPONSE-v1', 
                   h(<'ReqID-v1', 'RID-VERIFIER-REQUEST-v1', <certBody, certSig>, ekV, 
                      authRef, nv, tsV, scope, 'v0'>), 
                   authRef, pid, idx, rootID, nv, tsV, ~tsD, aenc(~ss, ekV)>),
                scope, 'v0'
    ),
    SessionKeyClaim( $V, $D,
                     h(<'ReqID-v1', 'RID-VERIFIER-REQUEST-v1', <certBody, certSig>, ekV, 
                        authRef, nv, tsV, scope, 'v0'>),
                     h(<'RID-Auth-v1', ~ss, 
                        h(<'ReqID-v1', 'RID-VERIFIER-REQUEST-v1', <certBody, certSig>, ekV, 
                           authRef, nv, tsV, scope, 'v0'>), 
                        h(<'RID-VERIFIER-REQUEST-v1', <certBody, certSig>, ekV, authRef, nv, 
                           tsV, scope, 'v0'>)
                       >)
    )
    ]->
     [
     Out( <
           h(<'ReqID-v1', 'RID-VERIFIER-REQUEST-v1', <certBody, certSig>, ekV, 
              authRef, nv, tsV, scope, 'v0'>), 
           aenc(~ss, ekV), 
           senc(<authRef, pid, idx, sibling, pos, rootID, ~tsD, 
                 sign(h(<'RID-UAV-RESPONSE-v1', 
                         h(<'ReqID-v1', 'RID-VERIFIER-REQUEST-v1', <certBody, certSig>, ekV, 
                            authRef, nv, tsV, scope, 'v0'>), 
                         authRef, pid, idx, rootID, nv, tsV, ~tsD, aenc(~ss, ekV)>),
                      skD)
                >,
                h(<'RID-Auth-v1', ~ss, 
                   h(<'ReqID-v1', 'RID-VERIFIER-REQUEST-v1', <certBody, certSig>, ekV, 
                      authRef, nv, tsV, scope, 'v0'>), 
                   h(<'RID-VERIFIER-REQUEST-v1', <certBody, certSig>, ekV, authRef, nv, 
                      tsV, scope, 'v0'>)
                  >))
          >
     )
     ]
    variants (modulo AC)
    1. authRef
             = authRef.55
       certBody
             = certBody.57
       certSig
             = certSig.59
       ekV   = ekV.60
       nv    = nv.63
       pkTA  = pkTA.66
       pkV   = pkV.67
       scope = scope.71
       sigV  = sigV.73
       tsV   = tsV.75
       z     = verify(certSig.59, certBody.57, pkTA.66)
       z.1   = verify(sigV.73,
                      <'RID-VERIFIER-REQUEST-v1', <certBody.57, certSig.59>, ekV.60, 
                       authRef.55, nv.63, tsV.75, scope.71, 'v0'>,
                      pkV.67)
    
    2. authRef
             = authRef.149
       certBody
             = certBody.151
       certSig
             = sign(certBody.151, x.291)
       ekV   = ekV.154
       nv    = nv.157
       pkTA  = pk(x.291)
       pkV   = pkV.161
       scope = scope.165
       sigV  = sigV.167
       tsV   = tsV.169
       z     = true
       z.1   = verify(sigV.167,
                      <'RID-VERIFIER-REQUEST-v1', <certBody.151, sign(certBody.151, x.291)>, 
                       ekV.154, authRef.149, nv.157, tsV.169, scope.165, 'v0'>,
                      pkV.161)
    
    3. authRef
             = authRef.158
       certBody
             = certBody.160
       certSig
             = sign(certBody.160, x.302)
       ekV   = ekV.163
       nv    = nv.166
       pkTA  = pk(x.302)
       pkV   = pk(x.309)
       scope = scope.174
       sigV  = sign(<'RID-VERIFIER-REQUEST-v1', 
                     <certBody.160, sign(certBody.160, x.302)>, ekV.163, authRef.158, nv.166, 
                     tsV.178, scope.174, 'v0'>,
                    x.309)
       tsV   = tsV.178
       z     = true
       z.1   = true
    
    4. authRef
             = authRef.159
       certBody
             = certBody.161
       certSig
             = certSig.163
       ekV   = ekV.164
       nv    = nv.167
       pkTA  = pkTA.170
       pkV   = pk(x.311)
       scope = scope.175
       sigV  = sign(<'RID-VERIFIER-REQUEST-v1', <certBody.161, certSig.163>, 
                     ekV.164, authRef.159, nv.167, tsV.179, scope.175, 'v0'>,
                    x.311)
       tsV   = tsV.179
       z     = verify(certSig.163, certBody.161, pkTA.170)
       z.1   = true
  */

rule (modulo E) Verifier_Accept_P0:
   [
   OutstandingRequest( $V, $D, rootID, authRef, '0', nv, reqID, req, dkV,
                       tsV, scope, 'v0'
   ),
   !TAPub( pkTA ),
   !VerifierDB( $V, $D, rootID, root, pkD, scope, 'v0',
                <'ROOT-AUTH-v1', pkD, root, scope, 'v0'>, authSig
   ),
   In( <reqID, ct, 
        senc(<authRef, pid, '0', sibling, 'P0', rootID, tsD, sigD>,
             h(<'RID-Auth-v1', adec(ct, dkV), reqID, h(req)>))
       >
   )
   ]
  --[
  Eq( authRef, pid ),
  Eq( rootID, h(<<'ROOT-AUTH-v1', pkD, root, scope, 'v0'>, authSig>) ),
  Eq( h(<'NODE', h(<'LEAF', pid, '0'>), sibling>), root ),
  Eq( verify(authSig, <'ROOT-AUTH-v1', pkD, root, scope, 'v0'>, pkTA), true
  ),
  Eq( verify(sigD,
             h(<'RID-UAV-RESPONSE-v1', reqID, authRef, pid, '0', rootID, nv, tsV, 
                tsD, ct>),
             pkD),
      true
  ),
  VerifierCommit( $V, $D, rootID, root, authRef, pid, '0', nv, reqID, tsV,
                  tsD, ct,
                  h(<'RID-UAV-RESPONSE-v1', reqID, authRef, pid, '0', rootID, nv, tsV, 
                     tsD, ct>),
                  scope, 'v0'
  )
  ]->
   [ ]

  /*
  rule (modulo AC) Verifier_Accept_P0:
     [
     OutstandingRequest( $V, $D, rootID, authRef, '0', nv, reqID, req, dkV,
                         tsV, scope, 'v0'
     ),
     !TAPub( pkTA ),
     !VerifierDB( $V, $D, rootID, root, pkD, scope, 'v0',
                  <'ROOT-AUTH-v1', pkD, root, scope, 'v0'>, authSig
     ),
     In( <reqID, ct, 
          senc(<authRef, pid, '0', sibling, 'P0', rootID, tsD, sigD>,
               h(<'RID-Auth-v1', z, reqID, h(req)>))
         >
     )
     ]
    --[
    Eq( authRef, pid ),
    Eq( rootID, h(<<'ROOT-AUTH-v1', pkD, root, scope, 'v0'>, authSig>) ),
    Eq( h(<'NODE', h(<'LEAF', pid, '0'>), sibling>), root ), Eq( z.1, true ),
    Eq( z.2, true ),
    VerifierCommit( $V, $D, rootID, root, authRef, pid, '0', nv, reqID, tsV,
                    tsD, ct,
                    h(<'RID-UAV-RESPONSE-v1', reqID, authRef, pid, '0', rootID, nv, tsV, 
                       tsD, ct>),
                    scope, 'v0'
    )
    ]->
     [ ]
    variants (modulo AC)
    1. authRef
             = authRef.47
       authSig
             = authSig.48
       ct    = ct.49
       dkV   = dkV.50
       nv    = nv.51
       pid   = pid.52
       pkD   = pkD.53
       pkTA  = pkTA.54
       reqID = reqID.56
       root  = root.57
       rootID
             = rootID.58
       scope = scope.59
       sigD  = sigD.61
       tsD   = tsD.62
       tsV   = tsV.63
       z     = adec(ct.49, dkV.50)
       z.1   = verify(authSig.48,
                      <'ROOT-AUTH-v1', pkD.53, root.57, scope.59, 'v0'>, pkTA.54)
       z.2   = verify(sigD.61,
                      h(<'RID-UAV-RESPONSE-v1', reqID.56, authRef.47, pid.52, '0', rootID.58, 
                         nv.51, tsV.63, tsD.62, ct.49>),
                      pkD.53)
    
    2. authRef
             = authRef.53
       authSig
             = authSig.54
       ct    = aenc(z.75, pk(dkV.56))
       dkV   = dkV.56
       nv    = nv.57
       pid   = pid.58
       pkD   = pkD.59
       pkTA  = pkTA.60
       reqID = reqID.62
       root  = root.63
       rootID
             = rootID.64
       scope = scope.65
       sigD  = sigD.67
       tsD   = tsD.68
       tsV   = tsV.69
       z     = z.75
       z.1   = verify(authSig.54,
                      <'ROOT-AUTH-v1', pkD.59, root.63, scope.65, 'v0'>, pkTA.60)
       z.2   = verify(sigD.67,
                      h(<'RID-UAV-RESPONSE-v1', reqID.62, authRef.53, pid.58, '0', rootID.64, 
                         nv.57, tsV.69, tsD.68, aenc(z.75, pk(dkV.56))>),
                      pkD.59)
    
    3. authRef
             = authRef.230
       authSig
             = sign(<'ROOT-AUTH-v1', pkD.236, root.240, scope.242, 'v0'>, x.456)
       ct    = ct.232
       dkV   = dkV.233
       nv    = nv.234
       pid   = pid.235
       pkD   = pkD.236
       pkTA  = pk(x.456)
       reqID = reqID.239
       root  = root.240
       rootID
             = rootID.241
       scope = scope.242
       sigD  = sigD.244
       tsD   = tsD.245
       tsV   = tsV.246
       z     = adec(ct.232, dkV.233)
       z.1   = true
       z.2   = verify(sigD.244,
                      h(<'RID-UAV-RESPONSE-v1', reqID.239, authRef.230, pid.235, '0', 
                         rootID.241, nv.234, tsV.246, tsD.245, ct.232>),
                      pkD.236)
    
    4. authRef
             = authRef.230
       authSig
             = sign(<'ROOT-AUTH-v1', pkD.236, root.240, scope.242, 'v0'>, x.456)
       ct    = aenc(z.252, pk(dkV.233))
       dkV   = dkV.233
       nv    = nv.234
       pid   = pid.235
       pkD   = pkD.236
       pkTA  = pk(x.456)
       reqID = reqID.239
       root  = root.240
       rootID
             = rootID.241
       scope = scope.242
       sigD  = sigD.244
       tsD   = tsD.245
       tsV   = tsV.246
       z     = z.252
       z.1   = true
       z.2   = verify(sigD.244,
                      h(<'RID-UAV-RESPONSE-v1', reqID.239, authRef.230, pid.235, '0', 
                         rootID.241, nv.234, tsV.246, tsD.245, aenc(z.252, pk(dkV.233))>),
                      pkD.236)
    
    5. authRef
             = authRef.231
       authSig
             = sign(<'ROOT-AUTH-v1', pk(x.455), root.241, scope.243, 'v0'>, x.458)
       ct    = ct.233
       dkV   = dkV.234
       nv    = nv.235
       pid   = pid.236
       pkD   = pk(x.455)
       pkTA  = pk(x.458)
       reqID = reqID.240
       root  = root.241
       rootID
             = rootID.242
       scope = scope.243
       sigD  = sign(h(<'RID-UAV-RESPONSE-v1', reqID.240, authRef.231, pid.236, 
                       '0', rootID.242, nv.235, tsV.247, tsD.246, ct.233>),
                    x.455)
       tsD   = tsD.246
       tsV   = tsV.247
       z     = adec(ct.233, dkV.234)
       z.1   = true
       z.2   = true
    
    6. authRef
             = authRef.231
       authSig
             = sign(<'ROOT-AUTH-v1', pk(x.455), root.241, scope.243, 'v0'>, x.458)
       ct    = aenc(z.253, pk(dkV.234))
       dkV   = dkV.234
       nv    = nv.235
       pid   = pid.236
       pkD   = pk(x.455)
       pkTA  = pk(x.458)
       reqID = reqID.240
       root  = root.241
       rootID
             = rootID.242
       scope = scope.243
       sigD  = sign(h(<'RID-UAV-RESPONSE-v1', reqID.240, authRef.231, pid.236, 
                       '0', rootID.242, nv.235, tsV.247, tsD.246, aenc(z.253, pk(dkV.234))>),
                    x.455)
       tsD   = tsD.246
       tsV   = tsV.247
       z     = z.253
       z.1   = true
       z.2   = true
    
    7. authRef
             = authRef.233
       authSig
             = authSig.234
       ct    = ct.235
       dkV   = dkV.236
       nv    = nv.237
       pid   = pid.238
       pkD   = pk(x.462)
       pkTA  = pkTA.240
       reqID = reqID.242
       root  = root.243
       rootID
             = rootID.244
       scope = scope.245
       sigD  = sign(h(<'RID-UAV-RESPONSE-v1', reqID.242, authRef.233, pid.238, 
                       '0', rootID.244, nv.237, tsV.249, tsD.248, ct.235>),
                    x.462)
       tsD   = tsD.248
       tsV   = tsV.249
       z     = adec(ct.235, dkV.236)
       z.1   = verify(authSig.234,
                      <'ROOT-AUTH-v1', pk(x.462), root.243, scope.245, 'v0'>, pkTA.240)
       z.2   = true
    
    8. authRef
             = authRef.233
       authSig
             = authSig.234
       ct    = aenc(z.255, pk(dkV.236))
       dkV   = dkV.236
       nv    = nv.237
       pid   = pid.238
       pkD   = pk(x.462)
       pkTA  = pkTA.240
       reqID = reqID.242
       root  = root.243
       rootID
             = rootID.244
       scope = scope.245
       sigD  = sign(h(<'RID-UAV-RESPONSE-v1', reqID.242, authRef.233, pid.238, 
                       '0', rootID.244, nv.237, tsV.249, tsD.248, aenc(z.255, pk(dkV.236))>),
                    x.462)
       tsD   = tsD.248
       tsV   = tsV.249
       z     = z.255
       z.1   = verify(authSig.234,
                      <'ROOT-AUTH-v1', pk(x.462), root.243, scope.245, 'v0'>, pkTA.240)
       z.2   = true
  */

rule (modulo E) Verifier_Accept_P1:
   [
   OutstandingRequest( $V, $D, rootID, authRef, '1', nv, reqID, req, dkV,
                       tsV, scope, 'v0'
   ),
   !TAPub( pkTA ),
   !VerifierDB( $V, $D, rootID, root, pkD, scope, 'v0',
                <'ROOT-AUTH-v1', pkD, root, scope, 'v0'>, authSig
   ),
   In( <reqID, ct, 
        senc(<authRef, pid, '1', sibling, 'P1', rootID, tsD, sigD>,
             h(<'RID-Auth-v1', adec(ct, dkV), reqID, h(req)>))
       >
   )
   ]
  --[
  Eq( authRef, pid ),
  Eq( rootID, h(<<'ROOT-AUTH-v1', pkD, root, scope, 'v0'>, authSig>) ),
  Eq( h(<'NODE', sibling, h(<'LEAF', pid, '1'>)>), root ),
  Eq( verify(authSig, <'ROOT-AUTH-v1', pkD, root, scope, 'v0'>, pkTA), true
  ),
  Eq( verify(sigD,
             h(<'RID-UAV-RESPONSE-v1', reqID, authRef, pid, '1', rootID, nv, tsV, 
                tsD, ct>),
             pkD),
      true
  ),
  VerifierCommit( $V, $D, rootID, root, authRef, pid, '1', nv, reqID, tsV,
                  tsD, ct,
                  h(<'RID-UAV-RESPONSE-v1', reqID, authRef, pid, '1', rootID, nv, tsV, 
                     tsD, ct>),
                  scope, 'v0'
  )
  ]->
   [ ]

  /*
  rule (modulo AC) Verifier_Accept_P1:
     [
     OutstandingRequest( $V, $D, rootID, authRef, '1', nv, reqID, req, dkV,
                         tsV, scope, 'v0'
     ),
     !TAPub( pkTA ),
     !VerifierDB( $V, $D, rootID, root, pkD, scope, 'v0',
                  <'ROOT-AUTH-v1', pkD, root, scope, 'v0'>, authSig
     ),
     In( <reqID, ct, 
          senc(<authRef, pid, '1', sibling, 'P1', rootID, tsD, sigD>,
               h(<'RID-Auth-v1', z, reqID, h(req)>))
         >
     )
     ]
    --[
    Eq( authRef, pid ),
    Eq( rootID, h(<<'ROOT-AUTH-v1', pkD, root, scope, 'v0'>, authSig>) ),
    Eq( h(<'NODE', sibling, h(<'LEAF', pid, '1'>)>), root ), Eq( z.1, true ),
    Eq( z.2, true ),
    VerifierCommit( $V, $D, rootID, root, authRef, pid, '1', nv, reqID, tsV,
                    tsD, ct,
                    h(<'RID-UAV-RESPONSE-v1', reqID, authRef, pid, '1', rootID, nv, tsV, 
                       tsD, ct>),
                    scope, 'v0'
    )
    ]->
     [ ]
    variants (modulo AC)
    1. authRef
             = authRef.47
       authSig
             = authSig.48
       ct    = ct.49
       dkV   = dkV.50
       nv    = nv.51
       pid   = pid.52
       pkD   = pkD.53
       pkTA  = pkTA.54
       reqID = reqID.56
       root  = root.57
       rootID
             = rootID.58
       scope = scope.59
       sigD  = sigD.61
       tsD   = tsD.62
       tsV   = tsV.63
       z     = adec(ct.49, dkV.50)
       z.1   = verify(authSig.48,
                      <'ROOT-AUTH-v1', pkD.53, root.57, scope.59, 'v0'>, pkTA.54)
       z.2   = verify(sigD.61,
                      h(<'RID-UAV-RESPONSE-v1', reqID.56, authRef.47, pid.52, '1', rootID.58, 
                         nv.51, tsV.63, tsD.62, ct.49>),
                      pkD.53)
    
    2. authRef
             = authRef.53
       authSig
             = authSig.54
       ct    = aenc(z.75, pk(dkV.56))
       dkV   = dkV.56
       nv    = nv.57
       pid   = pid.58
       pkD   = pkD.59
       pkTA  = pkTA.60
       reqID = reqID.62
       root  = root.63
       rootID
             = rootID.64
       scope = scope.65
       sigD  = sigD.67
       tsD   = tsD.68
       tsV   = tsV.69
       z     = z.75
       z.1   = verify(authSig.54,
                      <'ROOT-AUTH-v1', pkD.59, root.63, scope.65, 'v0'>, pkTA.60)
       z.2   = verify(sigD.67,
                      h(<'RID-UAV-RESPONSE-v1', reqID.62, authRef.53, pid.58, '1', rootID.64, 
                         nv.57, tsV.69, tsD.68, aenc(z.75, pk(dkV.56))>),
                      pkD.59)
    
    3. authRef
             = authRef.230
       authSig
             = sign(<'ROOT-AUTH-v1', pkD.236, root.240, scope.242, 'v0'>, x.456)
       ct    = ct.232
       dkV   = dkV.233
       nv    = nv.234
       pid   = pid.235
       pkD   = pkD.236
       pkTA  = pk(x.456)
       reqID = reqID.239
       root  = root.240
       rootID
             = rootID.241
       scope = scope.242
       sigD  = sigD.244
       tsD   = tsD.245
       tsV   = tsV.246
       z     = adec(ct.232, dkV.233)
       z.1   = true
       z.2   = verify(sigD.244,
                      h(<'RID-UAV-RESPONSE-v1', reqID.239, authRef.230, pid.235, '1', 
                         rootID.241, nv.234, tsV.246, tsD.245, ct.232>),
                      pkD.236)
    
    4. authRef
             = authRef.230
       authSig
             = sign(<'ROOT-AUTH-v1', pkD.236, root.240, scope.242, 'v0'>, x.456)
       ct    = aenc(z.252, pk(dkV.233))
       dkV   = dkV.233
       nv    = nv.234
       pid   = pid.235
       pkD   = pkD.236
       pkTA  = pk(x.456)
       reqID = reqID.239
       root  = root.240
       rootID
             = rootID.241
       scope = scope.242
       sigD  = sigD.244
       tsD   = tsD.245
       tsV   = tsV.246
       z     = z.252
       z.1   = true
       z.2   = verify(sigD.244,
                      h(<'RID-UAV-RESPONSE-v1', reqID.239, authRef.230, pid.235, '1', 
                         rootID.241, nv.234, tsV.246, tsD.245, aenc(z.252, pk(dkV.233))>),
                      pkD.236)
    
    5. authRef
             = authRef.231
       authSig
             = sign(<'ROOT-AUTH-v1', pk(x.455), root.241, scope.243, 'v0'>, x.458)
       ct    = ct.233
       dkV   = dkV.234
       nv    = nv.235
       pid   = pid.236
       pkD   = pk(x.455)
       pkTA  = pk(x.458)
       reqID = reqID.240
       root  = root.241
       rootID
             = rootID.242
       scope = scope.243
       sigD  = sign(h(<'RID-UAV-RESPONSE-v1', reqID.240, authRef.231, pid.236, 
                       '1', rootID.242, nv.235, tsV.247, tsD.246, ct.233>),
                    x.455)
       tsD   = tsD.246
       tsV   = tsV.247
       z     = adec(ct.233, dkV.234)
       z.1   = true
       z.2   = true
    
    6. authRef
             = authRef.231
       authSig
             = sign(<'ROOT-AUTH-v1', pk(x.455), root.241, scope.243, 'v0'>, x.458)
       ct    = aenc(z.253, pk(dkV.234))
       dkV   = dkV.234
       nv    = nv.235
       pid   = pid.236
       pkD   = pk(x.455)
       pkTA  = pk(x.458)
       reqID = reqID.240
       root  = root.241
       rootID
             = rootID.242
       scope = scope.243
       sigD  = sign(h(<'RID-UAV-RESPONSE-v1', reqID.240, authRef.231, pid.236, 
                       '1', rootID.242, nv.235, tsV.247, tsD.246, aenc(z.253, pk(dkV.234))>),
                    x.455)
       tsD   = tsD.246
       tsV   = tsV.247
       z     = z.253
       z.1   = true
       z.2   = true
    
    7. authRef
             = authRef.233
       authSig
             = authSig.234
       ct    = ct.235
       dkV   = dkV.236
       nv    = nv.237
       pid   = pid.238
       pkD   = pk(x.462)
       pkTA  = pkTA.240
       reqID = reqID.242
       root  = root.243
       rootID
             = rootID.244
       scope = scope.245
       sigD  = sign(h(<'RID-UAV-RESPONSE-v1', reqID.242, authRef.233, pid.238, 
                       '1', rootID.244, nv.237, tsV.249, tsD.248, ct.235>),
                    x.462)
       tsD   = tsD.248
       tsV   = tsV.249
       z     = adec(ct.235, dkV.236)
       z.1   = verify(authSig.234,
                      <'ROOT-AUTH-v1', pk(x.462), root.243, scope.245, 'v0'>, pkTA.240)
       z.2   = true
    
    8. authRef
             = authRef.233
       authSig
             = authSig.234
       ct    = aenc(z.255, pk(dkV.236))
       dkV   = dkV.236
       nv    = nv.237
       pid   = pid.238
       pkD   = pk(x.462)
       pkTA  = pkTA.240
       reqID = reqID.242
       root  = root.243
       rootID
             = rootID.244
       scope = scope.245
       sigD  = sign(h(<'RID-UAV-RESPONSE-v1', reqID.242, authRef.233, pid.238, 
                       '1', rootID.244, nv.237, tsV.249, tsD.248, aenc(z.255, pk(dkV.236))>),
                    x.462)
       tsD   = tsD.248
       tsV   = tsV.249
       z     = z.255
       z.1   = verify(authSig.234,
                      <'ROOT-AUTH-v1', pk(x.462), root.243, scope.245, 'v0'>, pkTA.240)
       z.2   = true
  */

rule (modulo E) Reveal_Passive_Storage:
   [ !FlashImage( $D, rootID, root, pkD, scope, version, authBody, authSig )
   ]
  --[ FlashDisclosure( $D, rootID ) ]->
   [ Out( <rootID, root, pkD, scope, version, authBody, authSig> ) ]

  /* has exactly the trivial AC variant */

rule (modulo E) Active_Capture:
   [
   !UAVKey( $D, skD, pkD, keyID ),
   !LeafPath( $D, rootID, root, pid0, '0', sib0, 'P0' ),
   !LeafPath( $D, rootID, root, pid1, '1', sib1, 'P1' )
   ]
  --[ ActiveCapture( $D ) ]->
   [ Out( <skD, rootID, root, pid0, sib0, pid1, sib1> ) ]

  /* has exactly the trivial AC variant */

restriction Equality:
  "∀ x y #i. (Eq( x, y ) @ #i) ⇒ (x = y)"
  // safety formula

  /*
  expanded formula:
  "∀ x y #i. (Eq( x, y ) @ #i) ⇒ (x = y)"
  */

lemma request_authentication:
  all-traces
  "∀ V D rootID authRef pid idx nv reqID tsV scope version #i.
    (RequestAuthenticated( V, D, rootID, authRef, pid, idx, nv, reqID, tsV,
                           scope, version
     ) @ #i) ⇒
    (∃ #j.
      (RequestSent( V, D, rootID, authRef, idx, nv, reqID, tsV, scope, version
       ) @ #j) ∧
      (#j < #i))"
/*
guarded formula characterizing all counter-examples:
"∃ V D rootID authRef pid idx nv reqID tsV scope version #i.
  (RequestAuthenticated( V, D, rootID, authRef, pid, idx, nv, reqID, tsV,
                         scope, version
   ) @ #i)
 ∧
  ∀ #j.
   (RequestSent( V, D, rootID, authRef, idx, nv, reqID, tsV, scope, version
    ) @ #j)
  ⇒
   ¬(#j < #i)"
*/
by sorry

lemma replay_request_injective:
  all-traces
  "∀ V1 V2 D root1 root2 authRef1 authRef2 pid1 pid2 idx1 idx2 nv1 nv2
     reqID ts1 ts2 scope1 scope2 version1 version2 #i #j.
    ((RequestAuthenticated( V1, D, root1, authRef1, pid1, idx1, nv1, reqID,
                            ts1, scope1, version1
      ) @ #i) ∧
     (RequestAuthenticated( V2, D, root2, authRef2, pid2, idx2, nv2, reqID,
                            ts2, scope2, version2
      ) @ #j)) ⇒
    (#i = #j)"
/*
guarded formula characterizing all counter-examples:
"∃ V1 V2 D root1 root2 authRef1 authRef2 pid1 pid2 idx1 idx2 nv1 nv2
   reqID ts1 ts2 scope1 scope2 version1 version2 #i #j.
  (RequestAuthenticated( V1, D, root1, authRef1, pid1, idx1, nv1, reqID,
                         ts1, scope1, version1
   ) @ #i) ∧
  (RequestAuthenticated( V2, D, root2, authRef2, pid2, idx2, nv2, reqID,
                         ts2, scope2, version2
   ) @ #j)
 ∧
  ¬(#i = #j)"
*/
simplify
solve( (#i < #j)  ∥ (#j < #i) )
  case case_1
  solve( ReplayToken( $D, certID, pid2,
                      h(<'ReqID-v1', 'RID-VERIFIER-REQUEST-v1', <certBody, sign(certBody, x)>, 
                         ekV, pid2, nv1, ts1, scope1, 'v0'>)
         ) ▶₀ #i )
    case Verifier_Request_case_1
    solve( !TAPub( pk(~skTA) ) ▶₁ #i )
      case Setup
      solve( !VerifierCert( $V.1, pk(x), 'scope-authorized',
                            h(<<'VERIFIER-CERT-v1', $V, pk(~skV), 'scope-authorized'>, 
                               sign(<'VERIFIER-CERT-v1', $V, pk(~skV), 'scope-authorized'>, ~skTA)>),
                            <'VERIFIER-CERT-v1', $V, pk(~skV), 'scope-authorized'>,
                            sign(<'VERIFIER-CERT-v1', $V, pk(~skV), 'scope-authorized'>, ~skTA)
             ) ▶₂ #i )
        case Setup
        solve( !UAVKey( $D, skD, pkD, keyID ) ▶₃ #i )
          case Setup
          solve( !RootAuthorization( $D, root1, root,
                                     pk(h(<'PUF-SIGN', ~master, ~ctxD>)), 'scope-authorized', 'v0', authBody,
                                     authSig
                 ) ▶₄ #i )
            case Setup
            solve( !LeafPath( $D,
                              h(<
                                 <'ROOT-AUTH-v1', pk(h(<'PUF-SIGN', ~master, ~ctxD>)), 
                                  h(<'NODE', h(<'LEAF', h(<'RID', ~seed.1, '0'>), '0'>), 
                                     h(<'LEAF', h(<'RID', ~seed.1, '1'>), '1'>)>), 
                                  'scope-authorized', 'v0'>, 
                                 sign(<'ROOT-AUTH-v1', pk(h(<'PUF-SIGN', ~master, ~ctxD>)), 
                                       h(<'NODE', h(<'LEAF', h(<'RID', ~seed.1, '0'>), '0'>), 
                                          h(<'LEAF', h(<'RID', ~seed.1, '1'>), '1'>)>), 
                                       'scope-authorized', 'v0'>,
                                      ~skTA.1)
                                >),
                              h(<'NODE', h(<'LEAF', h(<'RID', ~seed.1, '0'>), '0'>), 
                                 h(<'LEAF', h(<'RID', ~seed.1, '1'>), '1'>)>),
                              h(<'RID', ~seed, '0'>), idx1, sibling, pos
                   ) ▶₅ #i )
              case Setup
              solve( ReplayToken( $D, certID, h(<'RID', ~seed, '0'>),
                                  h(<'ReqID-v1', 'RID-VERIFIER-REQUEST-v1', 
                                     <<'VERIFIER-CERT-v1', $V, pk(~skV), 'scope-authorized'>, 
                                      sign(<'VERIFIER-CERT-v1', $V, pk(~skV), 'scope-authorized'>, ~skTA)>, 
                                     pk(~dkV), h(<'RID', ~seed, '0'>), ~nv, 'ts0', 'scope-authorized', 'v0'>)
                     ) ▶₀ #j )
                case Verifier_Request
                by contradiction /* cyclic */
              qed
            qed
          qed
        qed
      qed
    qed
  next
    case Verifier_Request_case_2
    solve( !TAPub( pk(~skTA) ) ▶₁ #i )
      case Setup
      solve( !VerifierCert( $V.1, pk(x), 'scope-authorized',
                            h(<<'VERIFIER-CERT-v1', $V, pk(~skV), 'scope-authorized'>, 
                               sign(<'VERIFIER-CERT-v1', $V, pk(~skV), 'scope-authorized'>, ~skTA)>),
                            <'VERIFIER-CERT-v1', $V, pk(~skV), 'scope-authorized'>,
                            sign(<'VERIFIER-CERT-v1', $V, pk(~skV), 'scope-authorized'>, ~skTA)
             ) ▶₂ #i )
        case Setup
        solve( !UAVKey( $D, skD, pkD, keyID ) ▶₃ #i )
          case Setup
          solve( !RootAuthorization( $D, root1, root,
                                     pk(h(<'PUF-SIGN', ~master, ~ctxD>)), 'scope-authorized', 'v0', authBody,
                                     authSig
                 ) ▶₄ #i )
            case Setup
            solve( !LeafPath( $D,
                              h(<
                                 <'ROOT-AUTH-v1', pk(h(<'PUF-SIGN', ~master, ~ctxD>)), 
                                  h(<'NODE', h(<'LEAF', h(<'RID', ~seed.1, '0'>), '0'>), 
                                     h(<'LEAF', h(<'RID', ~seed.1, '1'>), '1'>)>), 
                                  'scope-authorized', 'v0'>, 
                                 sign(<'ROOT-AUTH-v1', pk(h(<'PUF-SIGN', ~master, ~ctxD>)), 
                                       h(<'NODE', h(<'LEAF', h(<'RID', ~seed.1, '0'>), '0'>), 
                                          h(<'LEAF', h(<'RID', ~seed.1, '1'>), '1'>)>), 
                                       'scope-authorized', 'v0'>,
                                      ~skTA.1)
                                >),
                              h(<'NODE', h(<'LEAF', h(<'RID', ~seed.1, '0'>), '0'>), 
                                 h(<'LEAF', h(<'RID', ~seed.1, '1'>), '1'>)>),
                              h(<'RID', ~seed, '1'>), idx1, sibling, pos
                   ) ▶₅ #i )
              case Setup
              solve( ReplayToken( $D, certID, h(<'RID', ~seed, '1'>),
                                  h(<'ReqID-v1', 'RID-VERIFIER-REQUEST-v1', 
                                     <<'VERIFIER-CERT-v1', $V, pk(~skV), 'scope-authorized'>, 
                                      sign(<'VERIFIER-CERT-v1', $V, pk(~skV), 'scope-authorized'>, ~skTA)>, 
                                     pk(~dkV), h(<'RID', ~seed, '1'>), ~nv, 'ts1', 'scope-authorized', 'v0'>)
                     ) ▶₀ #j )
                case Verifier_Request
                by contradiction /* cyclic */
              qed
            qed
          qed
        qed
      qed
    qed
  qed
next
  case case_2
  solve( ReplayToken( $D, certID, pid2,
                      h(<'ReqID-v1', 'RID-VERIFIER-REQUEST-v1', <certBody, sign(certBody, x)>, 
                         ekV, pid2, nv1, ts1, scope1, 'v0'>)
         ) ▶₀ #i )
    case Verifier_Request_case_1
    solve( !TAPub( pk(~skTA) ) ▶₁ #i )
      case Setup
      solve( !VerifierCert( $V.1, pk(x), 'scope-authorized',
                            h(<<'VERIFIER-CERT-v1', $V, pk(~skV), 'scope-authorized'>, 
                               sign(<'VERIFIER-CERT-v1', $V, pk(~skV), 'scope-authorized'>, ~skTA)>),
                            <'VERIFIER-CERT-v1', $V, pk(~skV), 'scope-authorized'>,
                            sign(<'VERIFIER-CERT-v1', $V, pk(~skV), 'scope-authorized'>, ~skTA)
             ) ▶₂ #i )
        case Setup
        solve( !UAVKey( $D, skD, pkD, keyID ) ▶₃ #i )
          case Setup
          solve( !RootAuthorization( $D, root1, root,
                                     pk(h(<'PUF-SIGN', ~master, ~ctxD>)), 'scope-authorized', 'v0', authBody,
                                     authSig
                 ) ▶₄ #i )
            case Setup
            solve( !LeafPath( $D,
                              h(<
                                 <'ROOT-AUTH-v1', pk(h(<'PUF-SIGN', ~master, ~ctxD>)), 
                                  h(<'NODE', h(<'LEAF', h(<'RID', ~seed.1, '0'>), '0'>), 
                                     h(<'LEAF', h(<'RID', ~seed.1, '1'>), '1'>)>), 
                                  'scope-authorized', 'v0'>, 
                                 sign(<'ROOT-AUTH-v1', pk(h(<'PUF-SIGN', ~master, ~ctxD>)), 
                                       h(<'NODE', h(<'LEAF', h(<'RID', ~seed.1, '0'>), '0'>), 
                                          h(<'LEAF', h(<'RID', ~seed.1, '1'>), '1'>)>), 
                                       'scope-authorized', 'v0'>,
                                      ~skTA.1)
                                >),
                              h(<'NODE', h(<'LEAF', h(<'RID', ~seed.1, '0'>), '0'>), 
                                 h(<'LEAF', h(<'RID', ~seed.1, '1'>), '1'>)>),
                              h(<'RID', ~seed, '0'>), idx1, sibling, pos
                   ) ▶₅ #i )
              case Setup
              solve( ReplayToken( $D, certID, h(<'RID', ~seed, '0'>),
                                  h(<'ReqID-v1', 'RID-VERIFIER-REQUEST-v1', 
                                     <<'VERIFIER-CERT-v1', $V, pk(~skV), 'scope-authorized'>, 
                                      sign(<'VERIFIER-CERT-v1', $V, pk(~skV), 'scope-authorized'>, ~skTA)>, 
                                     pk(~dkV), h(<'RID', ~seed, '0'>), ~nv, 'ts0', 'scope-authorized', 'v0'>)
                     ) ▶₀ #j )
                case Verifier_Request
                by contradiction /* cyclic */
              qed
            qed
          qed
        qed
      qed
    qed
  next
    case Verifier_Request_case_2
    solve( !TAPub( pk(~skTA) ) ▶₁ #i )
      case Setup
      solve( !VerifierCert( $V.1, pk(x), 'scope-authorized',
                            h(<<'VERIFIER-CERT-v1', $V, pk(~skV), 'scope-authorized'>, 
                               sign(<'VERIFIER-CERT-v1', $V, pk(~skV), 'scope-authorized'>, ~skTA)>),
                            <'VERIFIER-CERT-v1', $V, pk(~skV), 'scope-authorized'>,
                            sign(<'VERIFIER-CERT-v1', $V, pk(~skV), 'scope-authorized'>, ~skTA)
             ) ▶₂ #i )
        case Setup
        solve( !UAVKey( $D, skD, pkD, keyID ) ▶₃ #i )
          case Setup
          solve( !RootAuthorization( $D, root1, root,
                                     pk(h(<'PUF-SIGN', ~master, ~ctxD>)), 'scope-authorized', 'v0', authBody,
                                     authSig
                 ) ▶₄ #i )
            case Setup
            solve( !LeafPath( $D,
                              h(<
                                 <'ROOT-AUTH-v1', pk(h(<'PUF-SIGN', ~master, ~ctxD>)), 
                                  h(<'NODE', h(<'LEAF', h(<'RID', ~seed.1, '0'>), '0'>), 
                                     h(<'LEAF', h(<'RID', ~seed.1, '1'>), '1'>)>), 
                                  'scope-authorized', 'v0'>, 
                                 sign(<'ROOT-AUTH-v1', pk(h(<'PUF-SIGN', ~master, ~ctxD>)), 
                                       h(<'NODE', h(<'LEAF', h(<'RID', ~seed.1, '0'>), '0'>), 
                                          h(<'LEAF', h(<'RID', ~seed.1, '1'>), '1'>)>), 
                                       'scope-authorized', 'v0'>,
                                      ~skTA.1)
                                >),
                              h(<'NODE', h(<'LEAF', h(<'RID', ~seed.1, '0'>), '0'>), 
                                 h(<'LEAF', h(<'RID', ~seed.1, '1'>), '1'>)>),
                              h(<'RID', ~seed, '1'>), idx1, sibling, pos
                   ) ▶₅ #i )
              case Setup
              solve( ReplayToken( $D, certID, h(<'RID', ~seed, '1'>),
                                  h(<'ReqID-v1', 'RID-VERIFIER-REQUEST-v1', 
                                     <<'VERIFIER-CERT-v1', $V, pk(~skV), 'scope-authorized'>, 
                                      sign(<'VERIFIER-CERT-v1', $V, pk(~skV), 'scope-authorized'>, ~skTA)>, 
                                     pk(~dkV), h(<'RID', ~seed, '1'>), ~nv, 'ts1', 'scope-authorized', 'v0'>)
                     ) ▶₀ #j )
                case Verifier_Request
                by contradiction /* cyclic */
              qed
            qed
          qed
        qed
      qed
    qed
  qed
qed

lemma authentication_noninjective_agreement:
  all-traces
  "∀ V D rootID root authRef pid idx nv reqID tsV tsD ct th scope version
     #i.
    ((VerifierCommit( V, D, rootID, root, authRef, pid, idx, nv, reqID, tsV,
                      tsD, ct, th, scope, version
      ) @ #i) ∧
     (¬(∃ #c. (ActiveCapture( D ) @ #c) ∧ (#c < #i)))) ⇒
    (∃ #j.
      (UAVRunning( D, V, rootID, root, authRef, pid, idx, nv, reqID, tsV, tsD,
                   ct, th, scope, version
       ) @ #j) ∧
      (#j < #i))"
/*
guarded formula characterizing all counter-examples:
"∃ V D rootID root authRef pid idx nv reqID tsV tsD ct th scope version
   #i.
  (VerifierCommit( V, D, rootID, root, authRef, pid, idx, nv, reqID, tsV,
                   tsD, ct, th, scope, version
   ) @ #i)
 ∧
  (∀ #c. (ActiveCapture( D ) @ #c) ⇒ ¬(#c < #i)) ∧
  (∀ #j.
    (UAVRunning( D, V, rootID, root, authRef, pid, idx, nv, reqID, tsV, tsD,
                 ct, th, scope, version
     ) @ #j)
   ⇒
    ¬(#j < #i))"
*/
by sorry

lemma authentication_injective_agreement:
  all-traces
  "∀ V D rootID root authRef pid idx nv reqID tsV tsD ct th scope version
     #i.
    ((VerifierCommit( V, D, rootID, root, authRef, pid, idx, nv, reqID, tsV,
                      tsD, ct, th, scope, version
      ) @ #i) ∧
     (¬(∃ #c. (ActiveCapture( D ) @ #c) ∧ (#c < #i)))) ⇒
    ((∃ #j.
       (UAVRunning( D, V, rootID, root, authRef, pid, idx, nv, reqID, tsV, tsD,
                    ct, th, scope, version
        ) @ #j) ∧
       (#j < #i)) ∧
     (¬(∃ V2 D2 rootID2 root2 authRef2 pid2 idx2 nv2 tsV2 tsD2 ct2 th2 scope2
          version2 #i2.
         (VerifierCommit( V2, D2, rootID2, root2, authRef2, pid2, idx2, nv2,
                          reqID, tsV2, tsD2, ct2, th2, scope2, version2
          ) @ #i2) ∧
         (¬(#i2 = #i)))))"
/*
guarded formula characterizing all counter-examples:
"∃ V D rootID root authRef pid idx nv reqID tsV tsD ct th scope version
   #i.
  (VerifierCommit( V, D, rootID, root, authRef, pid, idx, nv, reqID, tsV,
                   tsD, ct, th, scope, version
   ) @ #i)
 ∧
  (∀ #c. (ActiveCapture( D ) @ #c) ⇒ ¬(#c < #i)) ∧
  (((∀ #j.
      (UAVRunning( D, V, rootID, root, authRef, pid, idx, nv, reqID, tsV, tsD,
                   ct, th, scope, version
       ) @ #j)
     ⇒
      ¬(#j < #i)) ∨
    (∃ V2 D2 rootID2 root2 authRef2 pid2 idx2 nv2 tsV2 tsD2 ct2 th2 scope2
       version2 #i2.
      (VerifierCommit( V2, D2, rootID2, root2, authRef2, pid2, idx2, nv2,
                       reqID, tsV2, tsD2, ct2, th2, scope2, version2
       ) @ #i2)
     ∧
      ¬(#i2 = #i))))"
*/
by sorry

lemma commit_binds_authorized_leaf_and_index:
  all-traces
  "∀ V D rootID root authRef pid idx nv reqID tsV tsD ct th scope version
     #i.
    (VerifierCommit( V, D, rootID, root, authRef, pid, idx, nv, reqID, tsV,
                     tsD, ct, th, scope, version
     ) @ #i) ⇒
    ((∃ #a. (LeafAuthorized( D, rootID, root, pid, idx ) @ #a) ∧ (#a < #i)) ∧
     (authRef = pid))"
/*
guarded formula characterizing all counter-examples:
"∃ V D rootID root authRef pid idx nv reqID tsV tsD ct th scope version
   #i.
  (VerifierCommit( V, D, rootID, root, authRef, pid, idx, nv, reqID, tsV,
                   tsD, ct, th, scope, version
   ) @ #i)
 ∧
  ((∀ #a.
     (LeafAuthorized( D, rootID, root, pid, idx ) @ #a) ⇒ ¬(#a < #i)) ∨
   (¬(authRef = pid)))"
*/
by sorry

/* All wellformedness checks were successful. */

/*
Generated from:
Tamarin version 1.13.0
Maude version 3.5.1
Git revision: f18aa45838c76518b35b91bbc74bc1ba71e1f0e6, branch: develop
Compiled at: 2026-07-20 20:53:09.880815486 UTC
*/

end

==============================================================================
summary of summaries:

analyzed: UAV_RemoteID_Core_Modified_Lemmas_v2.spthy

  processing time: 17.55s
  
  request_authentication (all-traces): analysis incomplete (1 steps)
  replay_request_injective (all-traces): verified (32 steps)
  authentication_noninjective_agreement (all-traces): analysis incomplete (1 steps)
  authentication_injective_agreement (all-traces): analysis incomplete (1 steps)
  commit_binds_authorized_leaf_and_index (all-traces): analysis incomplete (1 steps)

==============================================================================
	Command being timed: "tamarin-prover UAV_RemoteID_Core_Modified_Lemmas_v2.spthy --derivcheck-timeout=60 --prove=replay_request_injective --quit-on-warning +RTS -N1 -RTS"
	User time (seconds): 17.39
	System time (seconds): 0.13
	Percent of CPU this job got: 99%
	Elapsed (wall clock) time (h:mm:ss or m:ss): 0:17.59
	Average shared text size (kbytes): 0
	Average unshared data size (kbytes): 0
	Average stack size (kbytes): 0
	Average total size (kbytes): 0
	Maximum resident set size (kbytes): 163220
	Average resident set size (kbytes): 0
	Major (requiring I/O) page faults: 0
	Minor (reclaiming a frame) page faults: 44775
	Voluntary context switches: 2570
	Involuntary context switches: 60
	Swaps: 0
	File system inputs: 0
	File system outputs: 112
	Socket messages sent: 0
	Socket messages received: 0
	Signals delivered: 0
	Page size (bytes): 4096
	Exit status: 0
